prog
stmt
define
var_def_cont
[ERROR 2] expression procesing failed